Ôû▓ Next.js 16.1.6 (Turbopack)
- Environments: .env.local

  Creating an optimized production build ...
Ô£ô Compiled successfully in 10.5s
  Running TypeScript ...
Failed to compile.

./src/app/dashboard/admin/layout.tsx:17:9
Type error: 'userData' is possibly 'undefined'.

  15 |     if (userData === null) return; // Wait for loading
  16 |
> 17 |     if (userData.role !== "admin") {
     |         ^
  18 |       router.push("/dashboard");
  19 |     } else {
  20 |       setAuthorized(true);
Next.js build worker exited with code: 1 and signal: null
