
--- 2026-03-13T04:02:00.287Z debug
🪵  Writing logs to "c:\Users\jason\trader-app\cloudagent\.xdg\.wrangler\logs\wrangler-2026-03-13_04-01-59_326.log"
---

--- 2026-03-13T04:02:00.287Z debug
.env file not found at "C:\Users\jason\trader-app\cloudagent\.env". Continuing... For more details, refer to https://developers.cloudflare.com/workers/wrangler/system-environment-variables/
---

--- 2026-03-13T04:02:00.290Z debug
.env file not found at "C:\Users\jason\trader-app\cloudagent\.env.local". Continuing... For more details, refer to https://developers.cloudflare.com/workers/wrangler/system-environment-variables/
---

--- 2026-03-13T04:02:00.337Z log

 ⛅️ wrangler 4.72.0
───────────────────
---

--- 2026-03-13T04:02:00.355Z debug
Metrics dispatcher: Posting data {"deviceId":"0c82d148-983c-49a4-b931-90466e8fd3cf","event":"wrangler command started","timestamp":1773374520355,"properties":{"amplitude_session_id":1773374520345,"amplitude_event_id":0,"wranglerVersion":"4.72.0","wranglerMajorVersion":4,"wranglerMinorVersion":72,"wranglerPatchVersion":0,"osPlatform":"Windows","osVersion":"Windows 11 Pro","nodeVersion":22,"packageManager":"npm","isFirstUsage":false,"configFileType":"none","isCI":false,"isPagesCI":false,"isWorkersCI":false,"isInteractive":true,"hasAssets":false,"agent":null,"argsUsed":["remote"],"argsCombination":"remote","sanitizedCommand":"dev","sanitizedArgs":{}}}
---

--- 2026-03-13T04:02:00.458Z log
Support for remote bindings in `wrangler dev` is now available as a replacement for `wrangler dev --remote`. Try it out now by running `wrangler dev` with the `remote` option enabled on your resources and let us know how it goes!
This gives you access to remote resources in development while retaining all the usual benefits of local dev: fast iteration speed, breakpoint debugging, and more.

Refer to https://developers.cloudflare.com/workers/development-testing/#remote-bindings for more information.
---

--- 2026-03-13T04:02:00.621Z debug
setting config
---

--- 2026-03-13T04:02:00.622Z debug
Updating config... undefined undefined
---

--- 2026-03-13T04:02:00.715Z debug
local dev variables file not found at ".dev.vars". Continuing... For more details, refer to https://developers.cloudflare.com/workers/wrangler/system-environment-variables/
---

--- 2026-03-13T04:02:00.716Z debug
.env file not found at "C:\Users\jason\trader-app\cloudagent\.env". Continuing... For more details, refer to https://developers.cloudflare.com/workers/wrangler/system-environment-variables/
---

--- 2026-03-13T04:02:00.716Z debug
.env file not found at "C:\Users\jason\trader-app\cloudagent\.env.local". Continuing... For more details, refer to https://developers.cloudflare.com/workers/wrangler/system-environment-variables/
---

--- 2026-03-13T04:02:00.721Z log
Your Worker has access to the following bindings:
---

--- 2026-03-13T04:02:00.722Z log
Binding                  Resource           
---

--- 2026-03-13T04:02:00.722Z log
env.ORCHESTRATOR         Durable Object     
  AgentOrchestrator
---

--- 2026-03-13T04:02:00.723Z log
env.COMPLIANCE_AGENT     Durable Object     
  AgentCompliance
---

--- 2026-03-13T04:02:00.724Z log
env.PRODUCT_AGENT        Durable Object     
  AgentProduct
---

--- 2026-03-13T04:02:00.725Z log
env.TRADE_WORKFLOW       Durable Object     
  AgentWorkflow
---

--- 2026-03-13T04:02:00.726Z log
env.DB                   D1 Database        
  companies-db
---

--- 2026-03-13T04:02:00.727Z log
env.DCTS_VECTORIZE       Vectorize Index    
  dcts-rules-index
---

--- 2026-03-13T04:02:00.728Z log
env.COMPANY_VECTORIZE    Vectorize Index    
  company-embeddings-index
---

--- 2026-03-13T04:02:00.728Z log
env.AI                   AI                 
---

--- 2026-03-13T04:02:00.729Z log

---

--- 2026-03-13T04:02:00.737Z debug
Retrieving cached values for account from node_modules\.cache\wrangler
---

--- 2026-03-13T04:02:00.990Z warn
▲ [WARNING] SQLite in Durable Objects is only supported in local mode.


---

--- 2026-03-13T04:02:02.568Z log
⎔ Starting remote preview...
---

--- 2026-03-13T04:02:02.577Z debug
LocalRuntimeController teardown beginning...
---

--- 2026-03-13T04:02:02.579Z debug
LocalRuntimeController teardown complete
---

--- 2026-03-13T04:02:02.583Z debug
-- START CF API REQUEST: GET https://api.cloudflare.com/client/v4/accounts/555e307a91082ae8c8e69b0a5ff3b8c3/workers/subdomain/edge-preview
---

--- 2026-03-13T04:02:02.584Z debug
QUERY STRING: omitted; set WRANGLER_LOG_SANITIZE=false to include sanitized data
---

--- 2026-03-13T04:02:02.585Z debug
HEADERS: omitted; set WRANGLER_LOG_SANITIZE=false to include sanitized data
---

--- 2026-03-13T04:02:02.585Z debug
INIT: omitted; set WRANGLER_LOG_SANITIZE=false to include sanitized data
---

--- 2026-03-13T04:02:02.585Z debug
-- END CF API REQUEST
---

--- 2026-03-13T04:02:04.327Z debug
-- START CF API RESPONSE: OK 200
---

--- 2026-03-13T04:02:04.328Z debug
HEADERS: omitted; set WRANGLER_LOG_SANITIZE=false to include sanitized data
---

--- 2026-03-13T04:02:04.328Z debug
RESPONSE: omitted; set WRANGLER_LOG_SANITIZE=false to include sanitized data
---

--- 2026-03-13T04:02:04.328Z debug
-- END CF API RESPONSE
---

--- 2026-03-13T04:02:04.334Z debug
Checking if domain has Access enabled: a08245f620d44243bb6ba047b1b32f5d.jkdproductivity.workers.dev
---

--- 2026-03-13T04:02:04.334Z debug
Access switch not cached for: a08245f620d44243bb6ba047b1b32f5d.jkdproductivity.workers.dev
---

--- 2026-03-13T04:02:04.550Z debug
Caching access switch for: a08245f620d44243bb6ba047b1b32f5d.jkdproductivity.workers.dev
---

--- 2026-03-13T04:02:04.550Z debug
-- START EXCHANGE API REQUEST: omitted; set WRANGLER_LOG_SANITIZE=false to include sanitized data
---

--- 2026-03-13T04:02:04.550Z debug
-- END EXCHANGE API REQUEST
---

--- 2026-03-13T04:02:04.701Z debug
-- START EXCHANGE API RESPONSE: OK 200
---

--- 2026-03-13T04:02:04.701Z debug
HEADERS: {}
---

--- 2026-03-13T04:02:04.701Z debug
RESPONSE: omitted; set WRANGLER_LOG_SANITIZE=false to include sanitized data
---

--- 2026-03-13T04:02:04.701Z debug
-- END EXCHANGE API RESPONSE
---

--- 2026-03-13T04:02:04.702Z debug
-- START CF API REQUEST: GET https://api.cloudflare.com/client/v4/accounts/555e307a91082ae8c8e69b0a5ff3b8c3/workers/subdomain
---

--- 2026-03-13T04:02:04.702Z debug
QUERY STRING: omitted; set WRANGLER_LOG_SANITIZE=false to include sanitized data
---

--- 2026-03-13T04:02:04.702Z debug
HEADERS: omitted; set WRANGLER_LOG_SANITIZE=false to include sanitized data
---

--- 2026-03-13T04:02:04.702Z debug
INIT: omitted; set WRANGLER_LOG_SANITIZE=false to include sanitized data
---

--- 2026-03-13T04:02:04.703Z debug
-- END CF API REQUEST
---

--- 2026-03-13T04:02:06.293Z debug
-- START CF API RESPONSE: OK 200
---

--- 2026-03-13T04:02:06.294Z debug
HEADERS: omitted; set WRANGLER_LOG_SANITIZE=false to include sanitized data
---

--- 2026-03-13T04:02:06.294Z debug
RESPONSE: omitted; set WRANGLER_LOG_SANITIZE=false to include sanitized data
---

--- 2026-03-13T04:02:06.294Z debug
-- END CF API RESPONSE
---

--- 2026-03-13T04:02:06.460Z log
Total Upload: 2555.80 KiB / gzip: 420.22 KiB
---

--- 2026-03-13T04:02:06.461Z debug
-- START CF API REQUEST: POST https://api.cloudflare.com/client/v4/accounts/555e307a91082ae8c8e69b0a5ff3b8c3/workers/scripts/cloudagent/edge-preview
---

--- 2026-03-13T04:02:06.461Z debug
QUERY STRING: omitted; set WRANGLER_LOG_SANITIZE=false to include sanitized data
---

--- 2026-03-13T04:02:06.461Z debug
HEADERS: omitted; set WRANGLER_LOG_SANITIZE=false to include sanitized data
---

--- 2026-03-13T04:02:06.461Z debug
INIT: omitted; set WRANGLER_LOG_SANITIZE=false to include sanitized data
---

--- 2026-03-13T04:02:06.497Z debug
BODY: omitted; set WRANGLER_LOG_SANITIZE=false to include sanitized data
---

--- 2026-03-13T04:02:06.497Z debug
-- END CF API REQUEST
---

--- 2026-03-13T04:02:12.849Z debug
-- START CF API RESPONSE: OK 200
---

--- 2026-03-13T04:02:12.850Z debug
HEADERS: omitted; set WRANGLER_LOG_SANITIZE=false to include sanitized data
---

--- 2026-03-13T04:02:12.850Z debug
RESPONSE: omitted; set WRANGLER_LOG_SANITIZE=false to include sanitized data
---

--- 2026-03-13T04:02:12.850Z debug
-- END CF API RESPONSE
---

--- 2026-03-13T04:02:12.862Z debug
Checking if domain has Access enabled: cloudagent.jkdproductivity.workers.dev
---

--- 2026-03-13T04:02:12.862Z debug
Access switch not cached for: cloudagent.jkdproductivity.workers.dev
---

--- 2026-03-13T04:02:12.979Z debug
Caching access switch for: cloudagent.jkdproductivity.workers.dev
---
