
--- 2026-03-13T03:52:44.992Z debug
🪵  Writing logs to "c:\Users\jason\trader-app\cloudagent\.xdg\.wrangler\logs\wrangler-2026-03-13_03-52-44_733.log"
---

--- 2026-03-13T03:52:44.992Z debug
.env file not found at "C:\Users\jason\trader-app\cloudagent\.env". Continuing... For more details, refer to https://developers.cloudflare.com/workers/wrangler/system-environment-variables/
---

--- 2026-03-13T03:52:44.994Z debug
.env file not found at "C:\Users\jason\trader-app\cloudagent\.env.local". Continuing... For more details, refer to https://developers.cloudflare.com/workers/wrangler/system-environment-variables/
---

--- 2026-03-13T03:52:45.007Z log

 ⛅️ wrangler 4.72.0
───────────────────
---

--- 2026-03-13T03:52:45.011Z debug
Metrics dispatcher: Posting data {"deviceId":"0c82d148-983c-49a4-b931-90466e8fd3cf","event":"wrangler command started","timestamp":1773373965011,"properties":{"amplitude_session_id":1773373965008,"amplitude_event_id":0,"wranglerVersion":"4.72.0","wranglerMajorVersion":4,"wranglerMinorVersion":72,"wranglerPatchVersion":0,"osPlatform":"Windows","osVersion":"Windows 11 Pro","nodeVersion":22,"packageManager":"npm","isFirstUsage":false,"configFileType":"none","isCI":false,"isPagesCI":false,"isWorkersCI":false,"isInteractive":true,"hasAssets":false,"agent":null,"argsUsed":["remote"],"argsCombination":"remote","sanitizedCommand":"dev","sanitizedArgs":{}}}
---

--- 2026-03-13T03:52:45.037Z log
Support for remote bindings in `wrangler dev` is now available as a replacement for `wrangler dev --remote`. Try it out now by running `wrangler dev` with the `remote` option enabled on your resources and let us know how it goes!
This gives you access to remote resources in development while retaining all the usual benefits of local dev: fast iteration speed, breakpoint debugging, and more.

Refer to https://developers.cloudflare.com/workers/development-testing/#remote-bindings for more information.
---

--- 2026-03-13T03:52:45.085Z debug
setting config
---

--- 2026-03-13T03:52:45.085Z debug
Updating config... undefined undefined
---

--- 2026-03-13T03:52:45.141Z debug
local dev variables file not found at ".dev.vars". Continuing... For more details, refer to https://developers.cloudflare.com/workers/wrangler/system-environment-variables/
---

--- 2026-03-13T03:52:45.141Z debug
.env file not found at "C:\Users\jason\trader-app\cloudagent\.env". Continuing... For more details, refer to https://developers.cloudflare.com/workers/wrangler/system-environment-variables/
---

--- 2026-03-13T03:52:45.142Z debug
.env file not found at "C:\Users\jason\trader-app\cloudagent\.env.local". Continuing... For more details, refer to https://developers.cloudflare.com/workers/wrangler/system-environment-variables/
---

--- 2026-03-13T03:52:45.144Z log
Your Worker has access to the following bindings:
---

--- 2026-03-13T03:52:45.144Z log
Binding                                               Resource             
---

--- 2026-03-13T03:52:45.145Z log
env.ORCHESTRATOR (AgentOrchestrator)                  Durable Object       
---

--- 2026-03-13T03:52:45.145Z log
env.COMPLIANCE_AGENT (AgentCompliance)                Durable Object       
---

--- 2026-03-13T03:52:45.145Z log
env.PRODUCT_AGENT (AgentProduct)                      Durable Object       
---

--- 2026-03-13T03:52:45.145Z log
env.TRADE_WORKFLOW (AgentWorkflow)                    Durable Object       
---

--- 2026-03-13T03:52:45.146Z log
env.DB (companies-db)                                 D1 Database          
---

--- 2026-03-13T03:52:45.146Z log
env.DCTS_VECTORIZE (dcts-rules-index)                 Vectorize Index      
---

--- 2026-03-13T03:52:45.147Z log
env.COMPANY_VECTORIZE (company-embeddings-index)      Vectorize Index      
---

--- 2026-03-13T03:52:45.147Z log
env.AI                                                AI                   
---

--- 2026-03-13T03:52:45.147Z log

---

--- 2026-03-13T03:52:45.150Z log
Attempting to login via OAuth...
---

--- 2026-03-13T03:52:45.153Z log
Opening a link in your default browser: https://dash.cloudflare.com/oauth2/auth?response_type=code&client_id=54d11594-84e4-41aa-b438-e81b8fa78ee7&redirect_uri=http%3A%2F%2Flocalhost%3A8976%2Foauth%2Fcallback&scope=account%3Aread%20user%3Aread%20workers%3Awrite%20workers_kv%3Awrite%20workers_routes%3Awrite%20workers_scripts%3Awrite%20workers_tail%3Aread%20d1%3Awrite%20pages%3Awrite%20zone%3Aread%20ssl_certs%3Awrite%20ai%3Awrite%20ai-search%3Awrite%20ai-search%3Arun%20queues%3Awrite%20pipelines%3Awrite%20secrets_store%3Awrite%20containers%3Awrite%20cloudchamber%3Awrite%20connectivity%3Aadmin%20offline_access&state=LWvk5CdNCBwEmkxzPF5qDj-.AfeyY1-n&code_challenge=0ZSQL0JYwl5IYgYK4j6QUy-2PeoOwWaS5IExb2KwWeA&code_challenge_method=S256
---

--- 2026-03-13T03:53:19.987Z debug
fetching auth token grant_type=authorization_code&code=vfnH54D8CA1_W-Gkr0LAyj2E7bSkYqBzjlywl5PHpAw.5OWcihEP0hPAaTeaxi8v9DFc4Dd_IFTnFAdHMyD5qOs&redirect_uri=http%3A%2F%2Flocalhost%3A8976%2Foauth%2Fcallback&client_id=54d11594-84e4-41aa-b438-e81b8fa78ee7&code_verifier=S1NjYklDeDl5eFlFbE5EQWkzZ3o5Tm9fdkpSZk5rTDZZR0NvcElfNlI1alFBSW1aSVJ1WWZCSkFuWDJ2YV9oQktUUkJrYlFfVXdPZXQ1YWpDS0dnTHJlNlk2OUxmSDgy
---

--- 2026-03-13T03:53:19.987Z debug
Checking if domain has Access enabled: dash.cloudflare.com
---

--- 2026-03-13T03:53:19.987Z debug
Access switch not cached for: dash.cloudflare.com
---

--- 2026-03-13T03:53:20.091Z debug
Caching access switch for: dash.cloudflare.com
---

--- 2026-03-13T03:53:20.092Z debug
Fetching auth token from https://dash.cloudflare.com/oauth2/token
---

--- 2026-03-13T03:53:20.746Z log
Successfully logged in.
---

--- 2026-03-13T03:53:20.918Z debug
-- START CF API REQUEST: GET https://api.cloudflare.com/client/v4/memberships
---

--- 2026-03-13T03:53:20.918Z debug
QUERY STRING: omitted; set WRANGLER_LOG_SANITIZE=false to include sanitized data
---

--- 2026-03-13T03:53:20.919Z debug
HEADERS: omitted; set WRANGLER_LOG_SANITIZE=false to include sanitized data
---

--- 2026-03-13T03:53:20.919Z debug
INIT: omitted; set WRANGLER_LOG_SANITIZE=false to include sanitized data
---

--- 2026-03-13T03:53:20.919Z debug
-- END CF API REQUEST
---

--- 2026-03-13T03:53:22.372Z debug
-- START CF API RESPONSE: OK 200
---

--- 2026-03-13T03:53:22.375Z debug
HEADERS: omitted; set WRANGLER_LOG_SANITIZE=false to include sanitized data
---

--- 2026-03-13T03:53:22.375Z debug
RESPONSE: omitted; set WRANGLER_LOG_SANITIZE=false to include sanitized data
---

--- 2026-03-13T03:53:22.375Z debug
-- END CF API RESPONSE
---

--- 2026-03-13T03:53:22.389Z debug
Saving to cache: {"account":{"id":"555e307a91082ae8c8e69b0a5ff3b8c3","name":"Jkdproductivity@gmail.com's Account"}}
---

--- 2026-03-13T03:53:22.612Z warn
▲ [WARNING] SQLite in Durable Objects is only supported in local mode.


---

--- 2026-03-13T03:53:23.382Z log
⎔ Starting remote preview...
---

--- 2026-03-13T03:53:23.383Z debug
LocalRuntimeController teardown beginning...
---

--- 2026-03-13T03:53:23.383Z debug
LocalRuntimeController teardown complete
---

--- 2026-03-13T03:53:23.385Z debug
-- START CF API REQUEST: GET https://api.cloudflare.com/client/v4/accounts/555e307a91082ae8c8e69b0a5ff3b8c3/workers/subdomain/edge-preview
---

--- 2026-03-13T03:53:23.385Z debug
QUERY STRING: omitted; set WRANGLER_LOG_SANITIZE=false to include sanitized data
---

--- 2026-03-13T03:53:23.385Z debug
HEADERS: omitted; set WRANGLER_LOG_SANITIZE=false to include sanitized data
---

--- 2026-03-13T03:53:23.385Z debug
INIT: omitted; set WRANGLER_LOG_SANITIZE=false to include sanitized data
---

--- 2026-03-13T03:53:23.385Z debug
-- END CF API REQUEST
---

--- 2026-03-13T03:53:24.728Z debug
-- START CF API RESPONSE: OK 200
---

--- 2026-03-13T03:53:24.729Z debug
HEADERS: omitted; set WRANGLER_LOG_SANITIZE=false to include sanitized data
---

--- 2026-03-13T03:53:24.729Z debug
RESPONSE: omitted; set WRANGLER_LOG_SANITIZE=false to include sanitized data
---

--- 2026-03-13T03:53:24.729Z debug
-- END CF API RESPONSE
---

--- 2026-03-13T03:53:24.730Z debug
Checking if domain has Access enabled: 1f2acc0f718a4eeba00c46df0205d3ad.jkdproductivity.workers.dev
---

--- 2026-03-13T03:53:24.730Z debug
Access switch not cached for: 1f2acc0f718a4eeba00c46df0205d3ad.jkdproductivity.workers.dev
---

--- 2026-03-13T03:53:24.944Z debug
Caching access switch for: 1f2acc0f718a4eeba00c46df0205d3ad.jkdproductivity.workers.dev
---

--- 2026-03-13T03:53:24.944Z debug
-- START EXCHANGE API REQUEST: omitted; set WRANGLER_LOG_SANITIZE=false to include sanitized data
---

--- 2026-03-13T03:53:24.944Z debug
-- END EXCHANGE API REQUEST
---

--- 2026-03-13T03:53:25.122Z debug
-- START EXCHANGE API RESPONSE: OK 200
---

--- 2026-03-13T03:53:25.122Z debug
HEADERS: {}
---

--- 2026-03-13T03:53:25.122Z debug
RESPONSE: omitted; set WRANGLER_LOG_SANITIZE=false to include sanitized data
---

--- 2026-03-13T03:53:25.122Z debug
-- END EXCHANGE API RESPONSE
---

--- 2026-03-13T03:53:25.123Z debug
-- START CF API REQUEST: GET https://api.cloudflare.com/client/v4/accounts/555e307a91082ae8c8e69b0a5ff3b8c3/workers/subdomain
---

--- 2026-03-13T03:53:25.123Z debug
QUERY STRING: omitted; set WRANGLER_LOG_SANITIZE=false to include sanitized data
---

--- 2026-03-13T03:53:25.124Z debug
HEADERS: omitted; set WRANGLER_LOG_SANITIZE=false to include sanitized data
---

--- 2026-03-13T03:53:25.124Z debug
INIT: omitted; set WRANGLER_LOG_SANITIZE=false to include sanitized data
---

--- 2026-03-13T03:53:25.124Z debug
-- END CF API REQUEST
---

--- 2026-03-13T03:53:27.044Z debug
-- START CF API RESPONSE: OK 200
---

--- 2026-03-13T03:53:27.044Z debug
HEADERS: omitted; set WRANGLER_LOG_SANITIZE=false to include sanitized data
---

--- 2026-03-13T03:53:27.045Z debug
RESPONSE: omitted; set WRANGLER_LOG_SANITIZE=false to include sanitized data
---

--- 2026-03-13T03:53:27.045Z debug
-- END CF API RESPONSE
---

--- 2026-03-13T03:53:27.139Z log
Total Upload: 2550.85 KiB / gzip: 418.95 KiB
---

--- 2026-03-13T03:53:27.139Z debug
-- START CF API REQUEST: POST https://api.cloudflare.com/client/v4/accounts/555e307a91082ae8c8e69b0a5ff3b8c3/workers/scripts/cloudagent/edge-preview
---

--- 2026-03-13T03:53:27.139Z debug
QUERY STRING: omitted; set WRANGLER_LOG_SANITIZE=false to include sanitized data
---

--- 2026-03-13T03:53:27.139Z debug
HEADERS: omitted; set WRANGLER_LOG_SANITIZE=false to include sanitized data
---

--- 2026-03-13T03:53:27.139Z debug
INIT: omitted; set WRANGLER_LOG_SANITIZE=false to include sanitized data
---

--- 2026-03-13T03:53:27.156Z debug
BODY: omitted; set WRANGLER_LOG_SANITIZE=false to include sanitized data
---

--- 2026-03-13T03:53:27.156Z debug
-- END CF API REQUEST
---

--- 2026-03-13T03:53:33.082Z debug
-- START CF API RESPONSE: OK 200
---

--- 2026-03-13T03:53:33.082Z debug
HEADERS: omitted; set WRANGLER_LOG_SANITIZE=false to include sanitized data
---

--- 2026-03-13T03:53:33.082Z debug
RESPONSE: omitted; set WRANGLER_LOG_SANITIZE=false to include sanitized data
---

--- 2026-03-13T03:53:33.082Z debug
-- END CF API RESPONSE
---

--- 2026-03-13T03:53:33.091Z debug
Checking if domain has Access enabled: cloudagent.jkdproductivity.workers.dev
---

--- 2026-03-13T03:53:33.091Z debug
Access switch not cached for: cloudagent.jkdproductivity.workers.dev
---

--- 2026-03-13T03:53:33.322Z debug
Caching access switch for: cloudagent.jkdproductivity.workers.dev
---

--- 2026-03-13T03:53:37.617Z log
⎔ Starting remote preview...
---

--- 2026-03-13T03:53:37.634Z debug
LocalRuntimeController teardown beginning...
---

--- 2026-03-13T03:53:37.658Z debug
LocalRuntimeController teardown complete
---

--- 2026-03-13T03:53:37.668Z log
⎔ Detected changes, restarted server.
---

--- 2026-03-13T03:53:37.818Z log
Total Upload: 2555.80 KiB / gzip: 420.22 KiB
---

--- 2026-03-13T03:53:37.822Z debug
-- START CF API REQUEST: POST https://api.cloudflare.com/client/v4/accounts/555e307a91082ae8c8e69b0a5ff3b8c3/workers/scripts/cloudagent/edge-preview
---

--- 2026-03-13T03:53:37.823Z debug
QUERY STRING: omitted; set WRANGLER_LOG_SANITIZE=false to include sanitized data
---

--- 2026-03-13T03:53:37.823Z debug
HEADERS: omitted; set WRANGLER_LOG_SANITIZE=false to include sanitized data
---

--- 2026-03-13T03:53:37.823Z debug
INIT: omitted; set WRANGLER_LOG_SANITIZE=false to include sanitized data
---

--- 2026-03-13T03:53:37.863Z debug
BODY: omitted; set WRANGLER_LOG_SANITIZE=false to include sanitized data
---

--- 2026-03-13T03:53:37.863Z debug
-- END CF API REQUEST
---

--- 2026-03-13T03:53:43.552Z debug
-- START CF API RESPONSE: OK 200
---

--- 2026-03-13T03:53:43.553Z debug
HEADERS: omitted; set WRANGLER_LOG_SANITIZE=false to include sanitized data
---

--- 2026-03-13T03:53:43.553Z debug
RESPONSE: omitted; set WRANGLER_LOG_SANITIZE=false to include sanitized data
---

--- 2026-03-13T03:53:43.553Z debug
-- END CF API RESPONSE
---

--- 2026-03-13T03:53:43.556Z debug
Checking if domain has Access enabled: cloudagent.jkdproductivity.workers.dev
---

--- 2026-03-13T03:53:43.556Z debug
Using cached Access switch for: cloudagent.jkdproductivity.workers.dev false
---
